Archive member included to satisfy reference by file (symbol)

c:/program files/microchip/xc8/v2.36/avr/bin/../lib/gcc/avr/5.4.0/../../../../avr/lib/avr5/memx-const\libc.a(exit.o)
                              C:/Program Files (x86)/Atmel/Studio/7.0/Packs/atmel/ATmega_DFP/1.7.374/xc8/avr/lib/avr5/memx-const/crtatmega328p.o (exit)
c:/program files/microchip/xc8/v2.36/avr/bin/../lib/gcc/avr/5.4.0/../../../../avr/lib/avr5/memx-const\libc.a(_Exit.o)
                              c:/program files/microchip/xc8/v2.36/avr/bin/../lib/gcc/avr/5.4.0/../../../../avr/lib/avr5/memx-const\libc.a(exit.o) (_Exit)
c:/program files/microchip/xc8/v2.36/avr/bin/../lib/gcc/avr/5.4.0/avr5/memx-const\libgcc.a(_exit.o)
                              c:/program files/microchip/xc8/v2.36/avr/bin/../lib/gcc/avr/5.4.0/../../../../avr/lib/avr5/memx-const\libc.a(_Exit.o) (_exit)

Discarded input sections

 .data          0x0000000000000000        0x0 C:/Program Files (x86)/Atmel/Studio/7.0/Packs/atmel/ATmega_DFP/1.7.374/xc8/avr/lib/avr5/memx-const/crtatmega328p.o
 .bss           0x0000000000000000        0x0 C:/Program Files (x86)/Atmel/Studio/7.0/Packs/atmel/ATmega_DFP/1.7.374/xc8/avr/lib/avr5/memx-const/crtatmega328p.o
 .text          0x0000000000000000        0x0 main.o
 .data          0x0000000000000000        0x0 main.o
 .bss           0x0000000000000000        0x0 main.o
 .text          0x0000000000000000        0x0 P0/p0.o
 .data          0x0000000000000000        0x0 P0/p0.o
 .bss           0x0000000000000000        0x0 P0/p0.o
 .text.setup_p0
                0x0000000000000000        0x8 P0/p0.o
 .text.wait     0x0000000000000000       0x1e P0/p0.o
 .text.digital_out_2_on
                0x0000000000000000        0x8 P0/p0.o
 .text.digital_out_3_on
                0x0000000000000000        0x8 P0/p0.o
 .text.digital_out_4_on
                0x0000000000000000        0x8 P0/p0.o
 .text.digital_out_5_on
                0x0000000000000000        0x8 P0/p0.o
 .text.digital_out_6_on
                0x0000000000000000        0x8 P0/p0.o
 .text.digital_out_7_on
                0x0000000000000000        0x8 P0/p0.o
 .text.digital_out_8_on
                0x0000000000000000        0x8 P0/p0.o
 .text.digital_out_9_on
                0x0000000000000000        0x8 P0/p0.o
 .text.digital_out_10_on
                0x0000000000000000        0x8 P0/p0.o
 .text.digital_out_11_on
                0x0000000000000000        0x8 P0/p0.o
 .text.digital_out_12_on
                0x0000000000000000        0x8 P0/p0.o
 .text.digital_out_13_on
                0x0000000000000000        0x8 P0/p0.o
 .text.digital_out_2_off
                0x0000000000000000        0x8 P0/p0.o
 .text.digital_out_3_off
                0x0000000000000000        0x8 P0/p0.o
 .text.digital_out_4_off
                0x0000000000000000        0x8 P0/p0.o
 .text.digital_out_5_off
                0x0000000000000000        0x8 P0/p0.o
 .text.digital_out_6_off
                0x0000000000000000        0x8 P0/p0.o
 .text.digital_out_7_off
                0x0000000000000000        0x8 P0/p0.o
 .text.digital_out_8_off
                0x0000000000000000        0x8 P0/p0.o
 .text.digital_out_9_off
                0x0000000000000000        0x8 P0/p0.o
 .text.digital_out_10_off
                0x0000000000000000        0x8 P0/p0.o
 .text.digital_out_11_off
                0x0000000000000000        0x8 P0/p0.o
 .text.digital_out_12_off
                0x0000000000000000        0x8 P0/p0.o
 .text.digital_out_13_off
                0x0000000000000000        0x8 P0/p0.o
 .text.digital_out
                0x0000000000000000       0xac P0/p0.o
 .debug_info    0x0000000000000000      0x73a P0/p0.o
 .debug_abbrev  0x0000000000000000      0x100 P0/p0.o
 .debug_loc     0x0000000000000000      0x17f P0/p0.o
 .debug_aranges
                0x0000000000000000       0xf0 P0/p0.o
 .debug_ranges  0x0000000000000000       0xe0 P0/p0.o
 .debug_line    0x0000000000000000      0x392 P0/p0.o
 .debug_str     0x0000000000000000        0x0 P0/p0.o
 .comment       0x0000000000000000       0x30 P0/p0.o
 .debug_frame   0x0000000000000000      0x1c4 P0/p0.o
 .text          0x0000000000000000        0x0 P1/adc.o
 .data          0x0000000000000000        0x0 P1/adc.o
 .bss           0x0000000000000000        0x0 P1/adc.o
 .text.initiate_pots
                0x0000000000000000       0x1c P1/adc.o
 .text.read_pot2
                0x0000000000000000       0x24 P1/adc.o
 .text.read_temperature
                0x0000000000000000       0x32 P1/adc.o
 .text          0x0000000000000000        0x0 P1/bcd.o
 .data          0x0000000000000000        0x0 P1/bcd.o
 .bss           0x0000000000000000        0x0 P1/bcd.o
 .text.set_number
                0x0000000000000000        0xa P1/bcd.o
 .debug_info    0x0000000000000000      0x28e P1/bcd.o
 .debug_abbrev  0x0000000000000000       0x55 P1/bcd.o
 .debug_loc     0x0000000000000000       0x21 P1/bcd.o
 .debug_aranges
                0x0000000000000000       0x20 P1/bcd.o
 .debug_ranges  0x0000000000000000       0x10 P1/bcd.o
 .debug_line    0x0000000000000000       0x87 P1/bcd.o
 .debug_str     0x0000000000000000        0x0 P1/bcd.o
 .comment       0x0000000000000000       0x30 P1/bcd.o
 .debug_frame   0x0000000000000000       0x24 P1/bcd.o
 .text          0x0000000000000000        0x0 P1/Button.o
 .data          0x0000000000000000        0x0 P1/Button.o
 .bss           0x0000000000000000        0x0 P1/Button.o
 .text.sw1      0x0000000000000000        0xc P1/Button.o
 .text.sw2      0x0000000000000000        0xc P1/Button.o
 .text.sw3      0x0000000000000000        0xc P1/Button.o
 .debug_info    0x0000000000000000      0x2b8 P1/Button.o
 .debug_abbrev  0x0000000000000000       0x48 P1/Button.o
 .debug_aranges
                0x0000000000000000       0x30 P1/Button.o
 .debug_ranges  0x0000000000000000       0x20 P1/Button.o
 .debug_line    0x0000000000000000       0xec P1/Button.o
 .debug_str     0x0000000000000000        0x0 P1/Button.o
 .comment       0x0000000000000000       0x30 P1/Button.o
 .debug_frame   0x0000000000000000       0x44 P1/Button.o
 .text          0x0000000000000000        0x0 P1/LED.o
 .data          0x0000000000000000        0x0 P1/LED.o
 .bss           0x0000000000000000        0x0 P1/LED.o
 .text.is_led1_on
                0x0000000000000000        0xc P1/LED.o
 .text.led1_toggle
                0x0000000000000000       0x18 P1/LED.o
 .text.is_led2_on
                0x0000000000000000        0xc P1/LED.o
 .text.led2_toggle
                0x0000000000000000       0x18 P1/LED.o
 .text.is_led3_on
                0x0000000000000000        0xc P1/LED.o
 .text.led3_toggle
                0x0000000000000000       0x18 P1/LED.o
 .text          0x0000000000000000        0x0 P1/p1.o
 .data          0x0000000000000000        0x0 P1/p1.o
 .bss           0x0000000000000000        0x0 P1/p1.o
 .text          0x0000000000000000        0x0 P1/relay.o
 .data          0x0000000000000000        0x0 P1/relay.o
 .bss           0x0000000000000000        0x0 P1/relay.o
 .text.relay    0x0000000000000000       0x14 P1/relay.o
 .text.is_relay_on
                0x0000000000000000        0xc P1/relay.o
 .text.relay_toggle
                0x0000000000000000       0x18 P1/relay.o
 .debug_info    0x0000000000000000      0x305 P1/relay.o
 .debug_abbrev  0x0000000000000000       0xb8 P1/relay.o
 .debug_loc     0x0000000000000000       0x3a P1/relay.o
 .debug_aranges
                0x0000000000000000       0x30 P1/relay.o
 .debug_ranges  0x0000000000000000       0x20 P1/relay.o
 .debug_line    0x0000000000000000       0xdf P1/relay.o
 .debug_str     0x0000000000000000        0x0 P1/relay.o
 .comment       0x0000000000000000       0x30 P1/relay.o
 .debug_frame   0x0000000000000000       0x44 P1/relay.o
 .text          0x0000000000000000        0x0 c:/program files/microchip/xc8/v2.36/avr/bin/../lib/gcc/avr/5.4.0/../../../../avr/lib/avr5/memx-const\libc.a(exit.o)
 .data          0x0000000000000000        0x0 c:/program files/microchip/xc8/v2.36/avr/bin/../lib/gcc/avr/5.4.0/../../../../avr/lib/avr5/memx-const\libc.a(exit.o)
 .bss           0x0000000000000000        0x0 c:/program files/microchip/xc8/v2.36/avr/bin/../lib/gcc/avr/5.4.0/../../../../avr/lib/avr5/memx-const\libc.a(exit.o)
 .text          0x0000000000000000        0x0 c:/program files/microchip/xc8/v2.36/avr/bin/../lib/gcc/avr/5.4.0/../../../../avr/lib/avr5/memx-const\libc.a(_Exit.o)
 .data          0x0000000000000000        0x0 c:/program files/microchip/xc8/v2.36/avr/bin/../lib/gcc/avr/5.4.0/../../../../avr/lib/avr5/memx-const\libc.a(_Exit.o)
 .bss           0x0000000000000000        0x0 c:/program files/microchip/xc8/v2.36/avr/bin/../lib/gcc/avr/5.4.0/../../../../avr/lib/avr5/memx-const\libc.a(_Exit.o)
 .text          0x0000000000000000        0x0 c:/program files/microchip/xc8/v2.36/avr/bin/../lib/gcc/avr/5.4.0/avr5/memx-const\libgcc.a(_exit.o)
 .data          0x0000000000000000        0x0 c:/program files/microchip/xc8/v2.36/avr/bin/../lib/gcc/avr/5.4.0/avr5/memx-const\libgcc.a(_exit.o)
 .bss           0x0000000000000000        0x0 c:/program files/microchip/xc8/v2.36/avr/bin/../lib/gcc/avr/5.4.0/avr5/memx-const\libgcc.a(_exit.o)
 .text.libgcc.mul
                0x0000000000000000        0x0 c:/program files/microchip/xc8/v2.36/avr/bin/../lib/gcc/avr/5.4.0/avr5/memx-const\libgcc.a(_exit.o)
 .text.libgcc.div
                0x0000000000000000        0x0 c:/program files/microchip/xc8/v2.36/avr/bin/../lib/gcc/avr/5.4.0/avr5/memx-const\libgcc.a(_exit.o)
 .text.libgcc   0x0000000000000000        0x0 c:/program files/microchip/xc8/v2.36/avr/bin/../lib/gcc/avr/5.4.0/avr5/memx-const\libgcc.a(_exit.o)
 .text.libgcc.prologue
                0x0000000000000000        0x0 c:/program files/microchip/xc8/v2.36/avr/bin/../lib/gcc/avr/5.4.0/avr5/memx-const\libgcc.a(_exit.o)
 .stack.descriptors
                0x0000000000000000       0x13 c:/program files/microchip/xc8/v2.36/avr/bin/../lib/gcc/avr/5.4.0/avr5/memx-const\libgcc.a(_exit.o)
 .text.libgcc.builtins
                0x0000000000000000        0x0 c:/program files/microchip/xc8/v2.36/avr/bin/../lib/gcc/avr/5.4.0/avr5/memx-const\libgcc.a(_exit.o)
 .text.libgcc.fmul
                0x0000000000000000        0x0 c:/program files/microchip/xc8/v2.36/avr/bin/../lib/gcc/avr/5.4.0/avr5/memx-const\libgcc.a(_exit.o)
 .text.libgcc.fixed
                0x0000000000000000        0x0 c:/program files/microchip/xc8/v2.36/avr/bin/../lib/gcc/avr/5.4.0/avr5/memx-const\libgcc.a(_exit.o)

Memory Configuration

Name             Origin             Length             Attributes
text             0x0000000000000000 0x0000000000008000 xr
data             0x0000000000800100 0x0000000000000800 rw !x
eeprom           0x0000000000810000 0x0000000000000400 rw !x
fuse             0x0000000000820000 0x0000000000000003 rw !x
lock             0x0000000000830000 0x0000000000000400 rw !x
signature        0x0000000000840000 0x0000000000000400 rw !x
user_signatures  0x0000000000850000 0x0000000000000400 rw !x
*default*        0x0000000000000000 0xffffffffffffffff

Linker script and memory map

Address of section .data set to 0x800100
LOAD C:/Program Files (x86)/Atmel/Studio/7.0/Packs/atmel/ATmega_DFP/1.7.374/xc8/avr/lib/avr5/memx-const/crtatmega328p.o
LOAD main.o
LOAD P0/p0.o
LOAD P1/adc.o
LOAD P1/bcd.o
LOAD P1/Button.o
LOAD P1/LED.o
LOAD P1/p1.o
LOAD P1/relay.o
START GROUP
LOAD c:/program files/microchip/xc8/v2.36/avr/bin/../lib/gcc/avr/5.4.0/../../../../avr/lib/avr5/memx-const\libm.a
END GROUP
START GROUP
LOAD c:/program files/microchip/xc8/v2.36/avr/bin/../lib/gcc/avr/5.4.0/avr5/memx-const\libgcc.a
LOAD c:/program files/microchip/xc8/v2.36/avr/bin/../lib/gcc/avr/5.4.0/../../../../avr/lib/avr5/memx-const\libm.a
LOAD c:/program files/microchip/xc8/v2.36/avr/bin/../lib/gcc/avr/5.4.0/../../../../avr/lib/avr5/memx-const\libc.a
LOAD C:/Program Files (x86)/Atmel/Studio/7.0/Packs/atmel/ATmega_DFP/1.7.374/xc8/avr/lib/avr5/memx-const\libatmega328p.a
END GROUP
                0x0000000000000000                __TEXT_REGION_ORIGIN__ = DEFINED (__TEXT_REGION_ORIGIN__)?__TEXT_REGION_ORIGIN__:0x0
                [0x0000000000800100]                __DATA_REGION_ORIGIN__ = DEFINED (__DATA_REGION_ORIGIN__)?__DATA_REGION_ORIGIN__:0x800060
                [0x0000000000008000]                __TEXT_REGION_LENGTH__ = DEFINED (__TEXT_REGION_LENGTH__)?__TEXT_REGION_LENGTH__:0x20000
                [0x0000000000000800]                __DATA_REGION_LENGTH__ = DEFINED (__DATA_REGION_LENGTH__)?__DATA_REGION_LENGTH__:0xffa0
                [0x0000000000000400]                __EEPROM_REGION_LENGTH__ = DEFINED (__EEPROM_REGION_LENGTH__)?__EEPROM_REGION_LENGTH__:0x10000
                [0x0000000000000003]                __FUSE_REGION_LENGTH__ = DEFINED (__FUSE_REGION_LENGTH__)?__FUSE_REGION_LENGTH__:0x400
                0x0000000000000400                __LOCK_REGION_LENGTH__ = DEFINED (__LOCK_REGION_LENGTH__)?__LOCK_REGION_LENGTH__:0x400
                0x0000000000000400                __SIGNATURE_REGION_LENGTH__ = DEFINED (__SIGNATURE_REGION_LENGTH__)?__SIGNATURE_REGION_LENGTH__:0x400
                0x0000000000000400                __USER_SIGNATURE_REGION_LENGTH__ = DEFINED (__USER_SIGNATURE_REGION_LENGTH__)?__USER_SIGNATURE_REGION_LENGTH__:0x400

.hash
 *(.hash)

.dynsym
 *(.dynsym)

.dynstr
 *(.dynstr)

.gnu.version
 *(.gnu.version)

.gnu.version_d
 *(.gnu.version_d)

.gnu.version_r
 *(.gnu.version_r)

.rel.init
 *(.rel.init)

.rela.init
 *(.rela.init)

.rel.text
 *(.rel.text)
 *(.rel.text.*)
 *(.rel.gnu.linkonce.t*)

.rela.text
 *(.rela.text)
 *(.rela.text.*)
 *(.rela.gnu.linkonce.t*)

.rel.fini
 *(.rel.fini)

.rela.fini
 *(.rela.fini)

.rel.rodata
 *(.rel.rodata)
 *(.rel.rodata.*)
 *(.rel.gnu.linkonce.r*)

.rela.rodata
 *(.rela.rodata)
 *(.rela.rodata.*)
 *(.rela.gnu.linkonce.r*)

.rel.data
 *(.rel.data)
 *(.rel.data.*)
 *(.rel.gnu.linkonce.d*)

.rela.data
 *(.rela.data)
 *(.rela.data.*)
 *(.rela.gnu.linkonce.d*)

.rel.ctors
 *(.rel.ctors)

.rela.ctors
 *(.rela.ctors)

.rel.dtors
 *(.rel.dtors)

.rela.dtors
 *(.rela.dtors)

.rel.got
 *(.rel.got)

.rela.got
 *(.rela.got)

.rel.bss
 *(.rel.bss)

.rela.bss
 *(.rela.bss)

.rel.plt
 *(.rel.plt)

.rela.plt
 *(.rela.plt)

.text           0x0000000000000000       0x80
 *(.vectors)
 .vectors       0x0000000000000000       0x68 C:/Program Files (x86)/Atmel/Studio/7.0/Packs/atmel/ATmega_DFP/1.7.374/xc8/avr/lib/avr5/memx-const/crtatmega328p.o
                0x0000000000000000                __vector_default
                0x0000000000000000                __vectors
 *(.vectors)
 *(.progmem.gcc*)
 *(.dinit)
 .dinit         0x0000000000000068        0x0 data_init
                0x0000000000000068                . = ALIGN (0x2)
                0x0000000000000068                __trampolines_start = .
 *(.trampolines)
 .trampolines   0x0000000000000068        0x0 linker stubs
 *(.trampolines*)
                0x0000000000000068                __trampolines_end = .
 *libprintf_flt.a:*(.progmem.data)
 *libc.a:*(.progmem.data)
                0x0000000000000068                . = ALIGN (0x2)
 *(.jumptables)
 *(.jumptables*)
 *(.lowtext)
 *(.lowtext*)
                0x0000000000000068                __ctors_start = .
 *(.ctors)
                0x0000000000000068                __ctors_end = .
                0x0000000000000068                __dtors_start = .
 *(.dtors)
                0x0000000000000068                __dtors_end = .
 SORT(*)(.ctors)
 SORT(*)(.dtors)
 *(.init0)
 .init0         0x0000000000000068        0x0 C:/Program Files (x86)/Atmel/Studio/7.0/Packs/atmel/ATmega_DFP/1.7.374/xc8/avr/lib/avr5/memx-const/crtatmega328p.o
                0x0000000000000068                __init
 *(.init0)
 *(.init1)
 *(.init1)
 *(.init2)
 .init2         0x0000000000000068        0xc C:/Program Files (x86)/Atmel/Studio/7.0/Packs/atmel/ATmega_DFP/1.7.374/xc8/avr/lib/avr5/memx-const/crtatmega328p.o
 *(.init2)
 *(.init3)
 *(.init3)
 *(.init4)
 *(.init4)
 *(.init5)
 *(.init5)
 *(.init6)
 *(.init6)
 *(.init7)
 *(.init7)
 *(.init8)
 *(.init8)
 *(.init9)
 .init9         0x0000000000000074        0x8 C:/Program Files (x86)/Atmel/Studio/7.0/Packs/atmel/ATmega_DFP/1.7.374/xc8/avr/lib/avr5/memx-const/crtatmega328p.o
 *(.init9)
                0x000000000000007c                . = ALIGN (0x2)
 *(.fini9)
 .fini9         0x000000000000007c        0x0 c:/program files/microchip/xc8/v2.36/avr/bin/../lib/gcc/avr/5.4.0/avr5/memx-const\libgcc.a(_exit.o)
                0x000000000000007c                _exit
 *(.fini9)
 *(.fini8)
 *(.fini8)
 *(.fini7)
 *(.fini7)
 *(.fini6)
 *(.fini6)
 *(.fini5)
 *(.fini5)
 *(.fini4)
 *(.fini4)
 *(.fini3)
 *(.fini3)
 *(.fini2)
 *(.fini2)
 *(.fini1)
 *(.fini1)
 *(.fini0)
 .fini0         0x000000000000007c        0x4 c:/program files/microchip/xc8/v2.36/avr/bin/../lib/gcc/avr/5.4.0/avr5/memx-const\libgcc.a(_exit.o)
 *(.fini0)
                0x0000000000000080                _etext = .

.data           0x0000000000800100        0x0 load address 0x0000000000000080
                [!provide]                        PROVIDE (__data_start, .)
 *(.gnu.linkonce.d*)
 *(.gnu.linkonce.r*)
                0x0000000000800100                . = ALIGN (0x2)
                0x0000000000800100                _edata = .
                [!provide]                        PROVIDE (__data_end, .)

.bss            0x0000000000800100        0x0
                [!provide]                        PROVIDE (__bss_start, .)
 *(COMMON)
                [!provide]                        PROVIDE (__bss_end, .)
                0x0000000000000080                __data_load_start = LOADADDR (.data)
                0x0000000000000080                __data_load_end = (__data_load_start + SIZEOF (.data))

.noinit         0x0000000000800100        0x0
                [!provide]                        PROVIDE (__noinit_start, .)
 *(.noinit*)
                [!provide]                        PROVIDE (__noinit_end, .)
                0x0000000000800100                _end = .

.eeprom         0x0000000000810000        0x0
 *(.eeprom*)
                0x0000000000810000                __eeprom_end = .

.fuse
 *(.fuse)
 *(.lfuse)
 *(.hfuse)
 *(.efuse)

.lock
 *(.lock*)

.signature
 *(.signature*)

.user_signatures
 *(.user_signatures*)

.stab
 *(.stab)

.stabstr
 *(.stabstr)

.stab.excl
 *(.stab.excl)

.stab.exclstr
 *(.stab.exclstr)

.stab.index
 *(.stab.index)

.stab.indexstr
 *(.stab.indexstr)

.comment        0x0000000000000000       0x2f
 *(.comment)
 .comment       0x0000000000000000       0x2f main.o
                                         0x30 (size before relaxing)
 .comment       0x000000000000002f       0x30 P1/adc.o
 .comment       0x000000000000002f       0x30 P1/LED.o
 .comment       0x000000000000002f       0x30 P1/p1.o
 .comment       0x000000000000002f       0x30 c:/program files/microchip/xc8/v2.36/avr/bin/../lib/gcc/avr/5.4.0/../../../../avr/lib/avr5/memx-const\libc.a(exit.o)
 .comment       0x000000000000002f       0x30 c:/program files/microchip/xc8/v2.36/avr/bin/../lib/gcc/avr/5.4.0/../../../../avr/lib/avr5/memx-const\libc.a(_Exit.o)

.note.GNU-stack
                0x0000000000000000        0x0
 .note.GNU-stack
                0x0000000000000000        0x0 c:/program files/microchip/xc8/v2.36/avr/bin/../lib/gcc/avr/5.4.0/../../../../avr/lib/avr5/memx-const\libc.a(exit.o)
 .note.GNU-stack
                0x0000000000000000        0x0 c:/program files/microchip/xc8/v2.36/avr/bin/../lib/gcc/avr/5.4.0/../../../../avr/lib/avr5/memx-const\libc.a(_Exit.o)

.stack.descriptors.hdr
                0x0000000000000000        0xe
 .stack.descriptors.hdr
                0x0000000000000000        0xe c:/program files/microchip/xc8/v2.36/avr/bin/../lib/gcc/avr/5.4.0/avr5/memx-const\libgcc.a(_exit.o)

.note.gnu.build-id
 *(.note.gnu.build-id)

.debug
 *(.debug)

.line
 *(.line)

.debug_srcinfo
 *(.debug_srcinfo)

.debug_sfnames
 *(.debug_sfnames)

.debug_aranges  0x0000000000000000       0xe0
 *(.debug_aranges)
 .debug_aranges
                0x0000000000000000       0x20 main.o
 .debug_aranges
                0x0000000000000020       0x38 P1/adc.o
 .debug_aranges
                0x0000000000000058       0x68 P1/LED.o
 .debug_aranges
                0x00000000000000c0       0x20 P1/p1.o

.debug_pubnames
 *(.debug_pubnames)

.debug_info     0x0000000000000000     0x13e0
 *(.debug_info .gnu.linkonce.wi.*)
 .debug_info    0x0000000000000000      0x5f4 C:/Program Files (x86)/Atmel/Studio/7.0/Packs/atmel/ATmega_DFP/1.7.374/xc8/avr/lib/avr5/memx-const/crtatmega328p.o
 .debug_info    0x00000000000005f4      0x329 main.o
 .debug_info    0x000000000000091d      0x2f5 P1/adc.o
 .debug_info    0x0000000000000c12      0x556 P1/LED.o
 .debug_info    0x0000000000001168      0x278 P1/p1.o

.debug_abbrev   0x0000000000000000      0x7be
 *(.debug_abbrev)
 .debug_abbrev  0x0000000000000000      0x5a2 C:/Program Files (x86)/Atmel/Studio/7.0/Packs/atmel/ATmega_DFP/1.7.374/xc8/avr/lib/avr5/memx-const/crtatmega328p.o
 .debug_abbrev  0x00000000000005a2       0xaf main.o
 .debug_abbrev  0x0000000000000651       0x60 P1/adc.o
 .debug_abbrev  0x00000000000006b1       0xc7 P1/LED.o
 .debug_abbrev  0x0000000000000778       0x46 P1/p1.o

.debug_line     0x0000000000000000      0x61d
 *(.debug_line .debug_line.* .debug_line_end)
 .debug_line    0x0000000000000000      0x137 C:/Program Files (x86)/Atmel/Studio/7.0/Packs/atmel/ATmega_DFP/1.7.374/xc8/avr/lib/avr5/memx-const/crtatmega328p.o
 .debug_line    0x0000000000000137       0xbf main.o
 .debug_line    0x00000000000001f6      0x145 P1/adc.o
 .debug_line    0x000000000000033b      0x23e P1/LED.o
 .debug_line    0x0000000000000579       0xa4 P1/p1.o

.debug_frame    0x0000000000000000      0x150
 *(.debug_frame)
 .debug_frame   0x0000000000000000       0x24 main.o
 .debug_frame   0x0000000000000024       0x54 P1/adc.o
 .debug_frame   0x0000000000000078       0xb4 P1/LED.o
 .debug_frame   0x000000000000012c       0x24 P1/p1.o

.debug_str      0x0000000000000000      0x222
 *(.debug_str)
 .debug_str     0x0000000000000000      0x208 C:/Program Files (x86)/Atmel/Studio/7.0/Packs/atmel/ATmega_DFP/1.7.374/xc8/avr/lib/avr5/memx-const/crtatmega328p.o
 .debug_str     0x0000000000000208       0x13 main.o
 .debug_str     0x000000000000021b        0x0 P1/adc.o
 .debug_str     0x000000000000021b        0x7 P1/LED.o
 .debug_str     0x0000000000000222        0x0 P1/p1.o

.debug_loc      0x0000000000000000      0x261
 *(.debug_loc)
 .debug_loc     0x0000000000000000       0x13 main.o
 .debug_loc     0x0000000000000013      0x24e P1/LED.o

.debug_macinfo
 *(.debug_macinfo)

.debug_weaknames
 *(.debug_weaknames)

.debug_funcnames
 *(.debug_funcnames)

.debug_typenames
 *(.debug_typenames)

.debug_varnames
 *(.debug_varnames)

.debug_pubtypes
 *(.debug_pubtypes)

.debug_ranges   0x0000000000000000       0xa0
 *(.debug_ranges)
 .debug_ranges  0x0000000000000000       0x10 main.o
 .debug_ranges  0x0000000000000010       0x28 P1/adc.o
 .debug_ranges  0x0000000000000038       0x58 P1/LED.o
 .debug_ranges  0x0000000000000090       0x10 P1/p1.o

.debug_macro
 *(.debug_macro)
OUTPUT(yrgo.elf elf32-avr)
LOAD linker stubs
LOAD data_init

.note.gnu.avr.deviceinfo
                0x0000000000000000       0x40
 .note.gnu.avr.deviceinfo
                0x0000000000000000       0x40 C:/Program Files (x86)/Atmel/Studio/7.0/Packs/atmel/ATmega_DFP/1.7.374/xc8/avr/lib/avr5/memx-const/crtatmega328p.o

.text.led       0x0000000000000080       0x72
 .text.led      0x0000000000000080       0x72 P1/LED.o
                0x0000000000000080                led

.text.main      0x00000000000000f2       0x3c
 .text.main     0x00000000000000f2       0x3c main.o
                0x00000000000000f2                main

.text.read_pot1
                0x000000000000012e       0x24
 .text.read_pot1
                0x000000000000012e       0x24 P1/adc.o
                0x000000000000012e                read_pot1

.text.setup_p1  0x0000000000000152       0x20
 .text.setup_p1
                0x0000000000000152       0x20 P1/p1.o
                0x0000000000000152                setup_p1

.text.exit      0x0000000000000172       0x16
 .text.exit     0x0000000000000172       0x16 c:/program files/microchip/xc8/v2.36/avr/bin/../lib/gcc/avr/5.4.0/../../../../avr/lib/avr5/memx-const\libc.a(exit.o)
                0x0000000000000172                exit

.text.led1      0x0000000000000188       0x14
 .text.led1     0x0000000000000188       0x14 P1/LED.o
                0x0000000000000188                led1

.text.led2      0x000000000000019c       0x14
 .text.led2     0x000000000000019c       0x14 P1/LED.o
                0x000000000000019c                led2

.text.led3      0x00000000000001b0       0x14
 .text.led3     0x00000000000001b0       0x14 P1/LED.o
                0x00000000000001b0                led3

.text           0x00000000000001c4        0x4
 .text          0x00000000000001c4        0x4 C:/Program Files (x86)/Atmel/Studio/7.0/Packs/atmel/ATmega_DFP/1.7.374/xc8/avr/lib/avr5/memx-const/crtatmega328p.o
                0x00000000000001c4                __vector_22
                0x00000000000001c4                __vector_1
                0x00000000000001c4                __vector_24
                0x00000000000001c4                __vector_12
                0x00000000000001c4                __bad_interrupt
                0x00000000000001c4                __vector_6
                0x00000000000001c4                __vector_3
                0x00000000000001c4                __vector_23
                0x00000000000001c4                __vector_25
                0x00000000000001c4                __vector_11
                0x00000000000001c4                __vector_13
                0x00000000000001c4                __vector_17
                0x00000000000001c4                __vector_19
                0x00000000000001c4                __vector_7
                0x00000000000001c4                __vector_5
                0x00000000000001c4                __vector_4
                0x00000000000001c4                __vector_9
                0x00000000000001c4                __vector_2
                0x00000000000001c4                __vector_21
                0x00000000000001c4                __vector_15
                0x00000000000001c4                __vector_8
                0x00000000000001c4                __vector_14
                0x00000000000001c4                __vector_10
                0x00000000000001c4                __vector_16
                0x00000000000001c4                __vector_18
                0x00000000000001c4                __vector_20

.text._Exit     0x00000000000001c8        0x4
 .text._Exit    0x00000000000001c8        0x4 c:/program files/microchip/xc8/v2.36/avr/bin/../lib/gcc/avr/5.4.0/../../../../avr/lib/avr5/memx-const\libc.a(_Exit.o)
                0x00000000000001c8                _Exit

.text.__dummy_fini
                0x00000000000001cc        0x2
 .text.__dummy_fini
                0x00000000000001cc        0x2 c:/program files/microchip/xc8/v2.36/avr/bin/../lib/gcc/avr/5.4.0/../../../../avr/lib/avr5/memx-const\libc.a(exit.o)
                0x00000000000001cc                _fini

.text.__dummy_funcs_on_exit
                0x00000000000001ce        0x2
 .text.__dummy_funcs_on_exit
                0x00000000000001ce        0x2 c:/program files/microchip/xc8/v2.36/avr/bin/../lib/gcc/avr/5.4.0/../../../../avr/lib/avr5/memx-const\libc.a(exit.o)
                0x00000000000001ce                __funcs_on_exit

.text.__dummy_simulator_exit
                0x00000000000001d0        0x2
 .text.__dummy_simulator_exit
                0x00000000000001d0        0x2 c:/program files/microchip/xc8/v2.36/avr/bin/../lib/gcc/avr/5.4.0/../../../../avr/lib/avr5/memx-const\libc.a(exit.o)
                0x00000000000001d0                __simulator_exit
